
> pj-buddy@0.1.0 build
> prisma generate && next build

node.exe : warn The configuration 
property `package.json#prisma` is 
deprecated and will be removed in 
Prisma 7. Please migrate to a 
Prisma config file (e.g., 
`prisma.config.ts`).
At line:1 char:1
+ & "C:\Program 
Files\nodejs/node.exe" "C:\Program 
Files\nodejs/node_mo ...
+ ~~~~~~~~~~~~~~~~~~~~~~~~~~~~~~~~~
~~~~~~~~~~~~~~~~~~~~~~~~~~~~~~~~~~~
~
    + CategoryInfo          : NotS 
   pecified: (warn The config...m  
  a.config.ts`).:String) [], Rem   
 oteException
    + FullyQualifiedErrorId : Nati 
   veCommandError
 
For more information, see: 
https://pris.ly/prisma-config

Environment variables loaded from 
.env
Prisma schema loaded from prisma\schema.prisma
ΓöîΓöÇΓöÇΓöÇΓöÇΓöÇΓöÇΓöÇΓöÇΓöÇΓöÇΓö
ÇΓöÇΓöÇΓöÇΓöÇΓöÇΓöÇΓöÇΓöÇΓöÇΓöÇΓöÇΓ
öÇΓöÇΓöÇΓöÇΓöÇΓöÇΓöÇΓöÇΓöÇΓöÇΓöÇΓöÇ
ΓöÇΓöÇΓöÇΓöÇΓöÇΓöÇΓöÇΓöÇΓöÇΓöÇΓöÇΓö
ÇΓöÇΓöÇΓöÇΓöÇΓöÇΓöÇΓöÇΓöÇΓöÇΓöÇΓöÇΓ
öÉ
Γöé  Update available 6.19.2 -> 
7.3.0                       Γöé
Γöé                                
                         Γöé
Γöé  This is a major update - 
please follow the guide at    Γöé
Γöé  https://pris.ly/d/major-versio
n-upgrade                Γöé
Γöé                                
                         Γöé
Γöé  Run the following to update   
                         Γöé
Γöé    npm i --save-dev 
prisma@latest                      
 Γöé
Γöé    npm i @prisma/client@latest 
                         Γöé
ΓööΓöÇΓöÇΓöÇΓöÇΓöÇΓöÇΓöÇΓöÇΓöÇΓöÇΓö
ÇΓöÇΓöÇΓöÇΓöÇΓöÇΓöÇΓöÇΓöÇΓöÇΓöÇΓöÇΓ
öÇΓöÇΓöÇΓöÇΓöÇΓöÇΓöÇΓöÇΓöÇΓöÇΓöÇΓöÇ
ΓöÇΓöÇΓöÇΓöÇΓöÇΓöÇΓöÇΓöÇΓöÇΓöÇΓöÇΓö
ÇΓöÇΓöÇΓöÇΓöÇΓöÇΓöÇΓöÇΓöÇΓöÇΓöÇΓöÇΓ
öÿ

Γ£ö Generated Prisma Client (v6.19.2) to .\node_modules\@prisma\client in 112ms

Start by importing your Prisma Client (See: https://pris.ly/d/importing-client)

Tip: Need your database queries to be 1000x faster? Accelerate offers you that and more: https://pris.ly/tip-2-accelerate

Γû▓ Next.js 16.1.6 (Turbopack)
- Environments: .env.local, .env

ΓÜá The "middleware" file 
convention is deprecated. Please 
use "proxy" instead. Learn more: ht
tps://nextjs.org/docs/messages/midd
leware-to-proxy
  Creating an optimized production build ...

> Build error occurred
Error: Turbopack build failed with 
1 errors:
./app/globals.css
Error evaluating Node.js code
CssSyntaxError: C:\Users\micha\.gem
ini\antigravity\scratch\pj-buddy\ap
p\globals.css:228:1: Unexpected }
    at Input.error (node_modules/po
stcss/lib/input.js:135:16) [C:\User
s\micha\.gemini\antigravity\scratch
\pj-buddy\.next\build\chunks\node_m
odules_fe693df6._.js:4651:22]
    at Parser.unexpectedClose (node
_modules/postcss/lib/parser.js:587:
22) [C:\Users\micha\.gemini\antigra
vity\scratch\pj-buddy\.next\build\c
hunks\node_modules_fe693df6._.js:58
20:26]
    at Parser.end (node_modules/pos
tcss/lib/parser.js:330:12) [C:\User
s\micha\.gemini\antigravity\scratch
\pj-buddy\.next\build\chunks\node_m
odules_fe693df6._.js:5593:18]
    at Parser.parse (node_modules/p
ostcss/lib/parser.js:456:16) [C:\Us
ers\micha\.gemini\antigravity\scrat
ch\pj-buddy\.next\build\chunks\node
_modules_fe693df6._.js:5704:26]
    at parse (node_modules/postcss/
lib/parse.js:11:12) [C:\Users\micha
\.gemini\antigravity\scratch\pj-bud
dy\.next\build\chunks\node_modules_
fe693df6._.js:5853:16]
    at new LazyResult (node_modules
/postcss/lib/lazy-result.js:165:16)
 [C:\Users\micha\.gemini\antigravit
y\scratch\pj-buddy\.next\build\chun
ks\node_modules_fe693df6._.js:6105:
24]
    at Processor.process (node_modu
les/postcss/lib/processor.js:53:14)
 [C:\Users\micha\.gemini\antigravit
y\scratch\pj-buddy\.next\build\chun
ks\node_modules_fe693df6._.js:6572:
20]
    at transform (turbopack:///[tur
bopack-node]/transforms/postcss.ts:
70:51) [C:\Users\micha\.gemini\anti
gravity\scratch\pj-buddy\.next\buil
d\chunks\[root-of-the-server]__5122
5daf._.js:146:52]
    at run (turbopack:///[turbopack
-node]/ipc/evaluate.ts:92:29) [C:\U
sers\micha\.gemini\antigravity\scra
tch\pj-buddy\.next\build\chunks\[ro
ot-of-the-server]__974941ed._.js:44
3:37]
    at run (turbopack:///[turbopack
-node]/ipc/evaluate.ts:115:11) [C:\
Users\micha\.gemini\antigravity\scr
atch\pj-buddy\.next\build\chunks\[r
oot-of-the-server]__974941ed._.js:4
64:25]

Import trace:
  Client Component Browser:
    ./app/globals.css [Client 
Component Browser]
    ./app/layout.tsx [Server 
Component]


    at transform (turbopack:///[tur
bopack-node]/transforms/postcss.ts:
70:51) [C:\Users\micha\.gemini\anti
gravity\scratch\pj-buddy\.next\buil
d\chunks\[root-of-the-server]__5122
5daf._.js:146:52])
    at run (turbopack:///[turbopack
-node]/ipc/evaluate.ts:92:29) [C:\U
sers\micha\.gemini\antigravity\scra
tch\pj-buddy\.next\build\chunks\[ro
ot-of-the-server]__974941ed._.js:44
3:37])
    at run (turbopack:///[turbopack
-node]/ipc/evaluate.ts:115:11) [C:\
Users\micha\.gemini\antigravity\scr
atch\pj-buddy\.next\build\chunks\[r
oot-of-the-server]__974941ed._.js:4
64:25])
