actions/deal-actions.ts(167,67): error TS2339: Property 'toNumber' does not exist on type 'number'.
actions/glossary-actions.ts(4,10): error TS2305: Module '"@/lib/auth"' has no exported member 'getWorkspaceId'.
actions/settings-actions.ts(4,10): error TS2305: Module '"@/lib/auth"' has no exported member 'getWorkspaceId'.
app/dashboard/settings/glossary/page.tsx(9,79): error TS2307: Cannot find module '@/components/ui/table' or its corresponding type declarations.
app/dashboard/settings/integrations/page.tsx(15,5): error TS2304: Cannot find name 'useEffect'.
app/dashboard/settings/page.tsx(27,21): error TS2322: Type '{ username: string; email: string; bio: string; urls: { value: string; }[]; } | undefined' is not assignable to type '{ username: string; email: string; viewMode?: "BASIC" | "ADVANCED" | undefined; } | undefined'.
  Object literal may only specify known properties, and 'bio' does not exist in type '{ username: string; email: string; viewMode?: "BASIC" | "ADVANCED" | undefined; }'.
