app/api/twilio/webhook/route.ts(3,31): error TS2307: Cannot find module 'twilio/lib/twiml/MessagingResponse' or its corresponding type declarations.
app/api/twilio/webhook/route.ts(39,40): error TS2339: Property 'interaction' does not exist on type 'PrismaClient<PrismaClientOptions, never, DefaultArgs>'.
app/api/twilio/webhook/route.ts(49,40): error TS2339: Property 'interaction' does not exist on type 'PrismaClient<PrismaClientOptions, never, DefaultArgs>'.
app/api/twilio/webhook/route.ts(61,22): error TS2339: Property 'message' does not exist on type 'PrismaClient<PrismaClientOptions, never, DefaultArgs>'.
app/api/twilio/webhook/route.ts(74,22): error TS2339: Property 'message' does not exist on type 'PrismaClient<PrismaClientOptions, never, DefaultArgs>'.
app/api/vapi/webhook/route.ts(52,42): error TS2339: Property 'interaction' does not exist on type 'PrismaClient<PrismaClientOptions, never, DefaultArgs>'.
app/api/vapi/webhook/route.ts(63,22): error TS2339: Property 'callLog' does not exist on type 'PrismaClient<PrismaClientOptions, never, DefaultArgs>'.
app/dashboard/contacts/[id]/page.tsx(159,17): error TS2322: Type 'unknown' is not assignable to type 'ReactNode'.
