app/dashboard/client-page.tsx(46,22): error TS2578: Unused '@ts-expect-error' directive.
app/dashboard/client-page.tsx(52,35): error TS2322: Type '{ activities: ActivityView[]; }' is not assignable to type 'IntrinsicAttributes & ActivityFeedProps'.
  Property 'activities' does not exist on type 'IntrinsicAttributes & ActivityFeedProps'.
app/dashboard/deals/[id]/page.tsx(49,29): error TS2322: Type 'unknown' is not assignable to type 'ReactNode'.
components/crm/kanban-board.tsx(131,20): error TS18047: 'over' is possibly 'null'.
components/tradie/estimator-form.tsx(8,79): error TS2307: Cannot find module '@/components/ui/select' or its corresponding type declarations.
src/actions/automation-actions.ts(109,7): error TS2322: Type 'Record<string, unknown>' is not assignable to type 'JsonNull | InputJsonValue'.
  Type 'Record<string, unknown>' is missing the following properties from type 'readonly (InputJsonValue | null)[]': length, concat, join, slice, and 26 more.
src/actions/automation-actions.ts(110,7): error TS2322: Type 'Record<string, unknown>' is not assignable to type 'JsonNull | InputJsonValue'.
  Type 'Record<string, unknown>' is missing the following properties from type 'readonly (InputJsonValue | null)[]': length, concat, join, slice, and 26 more.
src/actions/chat-actions.ts(376,7): error TS2322: Type 'Record<string, unknown> | undefined' is not assignable to type 'NullableJsonNullValueInput | InputJsonValue | undefined'.
  Type 'Record<string, unknown>' is not assignable to type 'NullableJsonNullValueInput | InputJsonValue | undefined'.
    Type 'Record<string, unknown>' is missing the following properties from type 'readonly (InputJsonValue | null)[]': length, concat, join, slice, and 26 more.
src/actions/deal-actions.ts(50,15): error TS2554: Expected 2-3 arguments, but got 1.
src/actions/deal-actions.ts(116,7): error TS2322: Type 'Record<string | number | symbol, unknown> | undefined' is not assignable to type 'NullableJsonNullValueInput | InputJsonValue | undefined'.
  Type 'Record<string | number | symbol, unknown>' is not assignable to type 'NullableJsonNullValueInput | InputJsonValue | undefined'.
    Type 'Record<string | number | symbol, unknown>' is missing the following properties from type 'readonly (InputJsonValue | null)[]': length, concat, join, slice, and 26 more.
src/actions/deal-actions.ts(182,13): error TS2322: Type '{ [x: string]: unknown; }' is not assignable to type 'NullableJsonNullValueInput | InputJsonValue | undefined'.
  Type '{ [x: string]: unknown; }' is not assignable to type 'undefined'.
